
> saveplate@0.0.0 test:unit
> vitest


[1m[30m[46m RUN [49m[39m[22m [36mv4.1.5 [39m[90mC:/Users/Alex/Documents/SOFTWARE ENGINEERING/PantryPal[39m

 [32mΓ£ô[39m src/components/__tests__/PantryPalDonationListing.test.ts [2m([22m[2m29 tests[22m[2m)[22m[32m 40[2mms[22m[39m
 [32mΓ£ô[39m src/components/__tests__/claimListing.test.ts [2m([22m[2m17 tests[22m[2m)[22m[32m 11[2mms[22m[39m
 [32mΓ£ô[39m src/components/__tests__/PantryPalWeeklyMealPlan.test.ts [2m([22m[2m26 tests[22m[2m)[22m[32m 17[2mms[22m[39m
node.exe : [90mstderr[2m | src/views/__tests__/ManageInventory.spec.ts[2m > [22m[2mManageInventory.vue[2m > 
[22m[2mTC-001: mounts properly and shows title
At line:1 char:1
+ & "C:\Program Files\nodejs/node.exe" "C:\Program Files\nodejs/node_mo ...
+ ~~~~~~~~~~~~~~~~~~~~~~~~~~~~~~~~~~~~~~~~~~~~~~~~~~~~~~~~~~~~~~~~~~~~~
    + CategoryInfo          : NotSpecified: ([90mstderr[2m...and shows title:String) [], RemoteException
    + FullyQualifiedErrorId : NativeCommandError
 
[22m[39m[Vue warn]: Invalid vnode type when creating vnode: undefined. 
  at <ManageInventory ref="VTU_COMPONENT" > 
  at <VTUROOT>

[90mstderr[2m | src/views/__tests__/ManageInventory.spec.ts[2m > [22m[2mManageInventory.vue[2m > 
[22m[2mTC-002: renders BaseSidebar and BaseTopbar
[22m[39m[Vue warn]: Invalid vnode type when creating vnode: undefined. 
  at <ManageInventory ref="VTU_COMPONENT" > 
  at <VTUROOT>

 [31mΓ¥»[39m src/components/__tests__/RegisterView.test.ts [2m([22m[2m3 tests[22m[2m | [22m[31m2 failed[39m[2m)[22m[32m 67[2mms[22m[39m
[90mstderr[2m | src/views/__tests__/ManageInventory.spec.ts[2m > [22m[2mManageInventory.vue[2m > 
[22m[2mTC-003: default layout is cards
[22m[39m[Vue warn]: Invalid vnode type when creating vnode: undefined. 
  at <ManageInventory ref="VTU_COMPONENT" > 
  at <VTUROOT>

     [32mΓ£ô[39m shows error if fields are empty[32m 45[2mms[22m[39m
[31m     [31m├ù[31m shows error if password mismatch[39m[32m 12[2mms[22m[39m
[31m     [31m├ù[31m calls registerUser on valid input[39m[32m 9[2mms[22m[39m
[90mstderr[2m | src/views/__tests__/ManageInventory.spec.ts[2m > [22m[2mManageInventory.vue[2m > 
[22m[2mTC-004: shows floating add button
[22m[39m[Vue warn]: Invalid vnode type when creating vnode: undefined. 
  at <ManageInventory ref="VTU_COMPONENT" > 
  at <VTUROOT>

[90mstderr[2m | src/views/__tests__/ManageInventory.spec.ts[2m > [22m[2mManageInventory.vue[2m > 
[22m[2mTC-005: renders near expiry items
[22m[39m[Vue warn]: Invalid vnode type when creating vnode: undefined. 
  at <ManageInventory ref="VTU_COMPONENT" > 
  at <VTUROOT>

[90mstderr[2m | src/views/__tests__/ManageInventory.spec.ts[2m > [22m[2mManageInventory.vue[2m > 
[22m[2mTC-006: displays mock inventory items
[22m[39m[Vue warn]: Invalid vnode type when creating vnode: undefined. 
  at <ManageInventory ref="VTU_COMPONENT" > 
  at <VTUROOT>

[90mstderr[2m | src/views/__tests__/ManageInventory.spec.ts[2m > [22m[2mManageInventory.vue[2m > 
[22m[2mTC-007: shows correct category counts
[22m[39m[Vue warn]: Invalid vnode type when creating vnode: undefined. 
  at <ManageInventory ref="VTU_COMPONENT" > 
  at <VTUROOT>

[90mstderr[2m | src/views/__tests__/ManageInventory.spec.ts[2m > [22m[2mManageInventory.vue[2m > 
[22m[2mTC-008: toggles category expansion
[22m[39m[Vue warn]: Invalid vnode type when creating vnode: undefined. 
  at <ManageInventory ref="VTU_COMPONENT" > 
  at <VTUROOT>

[90mstderr[2m | src/views/__tests__/ManageInventory.spec.ts[2m > [22m[2mManageInventory.vue[2m > 
[22m[2mTC-009: shows quantity levels correctly
[22m[39m[Vue warn]: Invalid vnode type when creating vnode: undefined. 
  at <ManageInventory ref="VTU_COMPONENT" > 
  at <VTUROOT>

[90mstderr[2m | src/views/__tests__/ManageInventory.spec.ts[2m > [22m[2mManageInventory.vue[2m > 
[22m[2mTC-011: groups items by storage location
[22m[39m[Vue warn]: Invalid vnode type when creating vnode: undefined. 
  at <ManageInventory ref="VTU_COMPONENT" > 
  at <VTUROOT>

[90mstderr[2m | src/views/__tests__/ManageInventory.spec.ts[2m > [22m[2mManageInventory.vue[2m > 
[22m[2mTC-012: category expansion persists state
[22m[39m[Vue warn]: Invalid vnode type when creating vnode: undefined. 
  at <ManageInventory ref="VTU_COMPONENT" > 
  at <VTUROOT>

[90mstderr[2m | src/views/__tests__/ManageInventory.spec.ts[2m > [22m[2mManageInventory.vue[2m > 
[22m[2mTC-013: displays accurate item counts per category
[22m[39m[Vue warn]: Invalid vnode type when creating vnode: undefined. 
  at <ManageInventory ref="VTU_COMPONENT" > 
  at <VTUROOT>

[90mstderr[2m | src/views/__tests__/ManageInventory.spec.ts[2m > [22m[2mManageInventory.vue[2m > 
[22m[2mTC-014: shows quantity progress bars with correct widths
[22m[39m[Vue warn]: Invalid vnode type when creating vnode: undefined. 
  at <ManageInventory ref="VTU_COMPONENT" > 
  at <VTUROOT>

[90mstderr[2m | src/views/__tests__/ManageInventory.spec.ts[2m > [22m[2mManageInventory.vue[2m > 
[22m[2mTC-016: multi-field search works
[22m[39m[Vue warn]: Invalid vnode type when creating vnode: undefined. 
  at <ManageInventory ref="VTU_COMPONENT" > 
  at <VTUROOT>

[90mstderr[2m | src/views/__tests__/ManageInventory.spec.ts[2m > [22m[2mManageInventory.vue[2m > 
[22m[2mTC-017: filter by storage location
[22m[39m[Vue warn]: Invalid vnode type when creating vnode: undefined. 
  at <ManageInventory ref="VTU_COMPONENT" > 
  at <VTUROOT>

[90mstderr[2m | src/views/__tests__/ManageInventory.spec.ts[2m > [22m[2mManageInventory.vue[2m > 
[22m[2mTC-018: near expiry filter shows urgent items
[22m[39m[Vue warn]: Invalid vnode type when creating vnode: undefined. 
  at <ManageInventory ref="VTU_COMPONENT" > 
  at <VTUROOT>

[90mstderr[2m | src/views/__tests__/ManageInventory.spec.ts[2m > [22m[2mManageInventory.vue[2m > 
[22m[2mTC-019: sort by expiry works
[22m[39m[Vue warn]: Invalid vnode type when creating vnode: undefined. 
  at <ManageInventory ref="VTU_COMPONENT" > 
  at <VTUROOT>

[90mstderr[2m | src/views/__tests__/ManageInventory.spec.ts[2m > [22m[2mManageInventory.vue[2m > 
[22m[2mTC-020: sort by category works
[22m[39m[Vue warn]: Invalid vnode type when creating vnode: undefined. 
  at <ManageInventory ref="VTU_COMPONENT" > 
  at <VTUROOT>

[90mstderr[2m | src/views/__tests__/ManageInventory.spec.ts[2m > [22m[2mManageInventory.vue[2m > 
[22m[2mTC-021: search hides non-matching items
[22m[39m[Vue warn]: Invalid vnode type when creating vnode: undefined. 
  at <ManageInventory ref="VTU_COMPONENT" > 
  at <VTUROOT>

[90mstderr[2m | src/views/__tests__/ManageInventory.spec.ts[2m > [22m[2mManageInventory.vue[2m > 
[22m[2mTC-022: toggles donation checkbox
[22m[39m[Vue warn]: Invalid vnode type when creating vnode: undefined. 
  at <ManageInventory ref="VTU_COMPONENT" > 
  at <VTUROOT>

[90mstderr[2m | src/views/__tests__/ManageInventory.spec.ts[2m > [22m[2mManageInventory.vue[2m > 
[22m[2mTC-023: select all visible items
[22m[39m[Vue warn]: Invalid vnode type when creating vnode: undefined. 
  at <ManageInventory ref="VTU_COMPONENT" > 
  at <VTUROOT>

[90mstderr[2m | src/views/__tests__/ManageInventory.spec.ts[2m > [22m[2mManageInventory.vue[2m > 
[22m[2mTC-024: clear all selections
[22m[39m[Vue warn]: Invalid vnode type when creating vnode: undefined. 
  at <ManageInventory ref="VTU_COMPONENT" > 
  at <VTUROOT>

[90mstderr[2m | src/views/__tests__/ManageInventory.spec.ts[2m > [22m[2mManageInventory.vue[2m > 
[22m[2mTC-025: bulk donate removes selected items
[22m[39m[Vue warn]: Invalid vnode type when creating vnode: undefined. 
  at <ManageInventory ref="VTU_COMPONENT" > 
  at <VTUROOT>

[90mstderr[2m | src/views/__tests__/ManageInventory.spec.ts[2m > [22m[2mManageInventory.vue[2m > 
[22m[2mTC-026: opens add modal on + click
[22m[39m[Vue warn]: Invalid vnode type when creating vnode: undefined. 
  at <ManageInventory ref="VTU_COMPONENT" > 
  at <VTUROOT>

[90mstderr[2m | src/views/__tests__/ManageInventory.spec.ts[2m > [22m[2mManageInventory.vue[2m > 
[22m[2mTC-027: closes add modal on cancel
[22m[39m[Vue warn]: Invalid vnode type when creating vnode: undefined. 
  at <ManageInventory ref="VTU_COMPONENT" > 
  at <VTUROOT>

[90mstderr[2m | src/views/__tests__/ManageInventory.spec.ts[2m > [22m[2mManageInventory.vue[2m > 
[22m[2mTC-028: validates required fields
[22m[39m[Vue warn]: Invalid vnode type when creating vnode: undefined. 
  at <ManageInventory ref="VTU_COMPONENT" > 
  at <VTUROOT>

[90mstderr[2m | src/views/__tests__/ManageInventory.spec.ts[2m > [22m[2mManageInventory.vue[2m > 
[22m[2mTC-029: enforces character limits
[22m[39m[Vue warn]: Invalid vnode type when creating vnode: undefined. 
  at <ManageInventory ref="VTU_COMPONENT" > 
  at <VTUROOT>

[90mstderr[2m | src/views/__tests__/ManageInventory.spec.ts[2m > [22m[2mManageInventory.vue[2m > 
[22m[2mTC-030: calculates expiry days correctly
[22m[39m[Vue warn]: Invalid vnode type when creating vnode: undefined. 
  at <ManageInventory ref="VTU_COMPONENT" > 
  at <VTUROOT>

[90mstderr[2m | src/views/__tests__/ManageInventory.spec.ts[2m > [22m[2mManageInventory.vue[2m > 
[22m[2mTC-031: storage selection works
[22m[39m[Vue warn]: Invalid vnode type when creating vnode: undefined. 
  at <ManageInventory ref="VTU_COMPONENT" > 
  at <VTUROOT>

[90mstderr[2m | src/views/__tests__/ManageInventory.spec.ts[2m > [22m[2mManageInventory.vue[2m > 
[22m[2mTC-032: opens use modal
[22m[39m[Vue warn]: Invalid vnode type when creating vnode: undefined. 
  at <ManageInventory ref="VTU_COMPONENT" > 
  at <VTUROOT>

[90mstderr[2m | src/views/__tests__/ManageInventory.spec.ts[2m > [22m[2mManageInventory.vue[2m > 
[22m[2mTC-033: updates quantity level
[22m[39m[Vue warn]: Invalid vnode type when creating vnode: undefined. 
  at <ManageInventory ref="VTU_COMPONENT" > 
  at <VTUROOT>

[90mstderr[2m | src/views/__tests__/ManageInventory.spec.ts[2m > [22m[2mManageInventory.vue[2m > 
[22m[2mTC-034: finish item removes it
[22m[39m[Vue warn]: Invalid vnode type when creating vnode: undefined. 
  at <ManageInventory ref="VTU_COMPONENT" > 
  at <VTUROOT>

[90mstderr[2m | src/views/__tests__/ManageInventory.spec.ts[2m > [22m[2mManageInventory.vue[2m > 
[22m[2mTC-035: cancel use modal
[22m[39m[Vue warn]: Invalid vnode type when creating vnode: undefined. 
  at <ManageInventory ref="VTU_COMPONENT" > 
  at <VTUROOT>

[90mstderr[2m | src/views/__tests__/ManageInventory.spec.ts[2m > [22m[2mManageInventory.vue[2m > 
[22m[2mTC-036: delete item removes from inventory
[22m[39m[Vue warn]: Invalid vnode type when creating vnode: undefined. 
  at <ManageInventory ref="VTU_COMPONENT" > 
  at <VTUROOT>

[90mstderr[2m | src/views/__tests__/ManageInventory.spec.ts[2m > [22m[2mManageInventory.vue[2m > 
[22m[2mTC-037: single donate removes item
[22m[39m[Vue warn]: Invalid vnode type when creating vnode: undefined. 
  at <ManageInventory ref="VTU_COMPONENT" > 
  at <VTUROOT>

[90mstderr[2m | src/views/__tests__/ManageInventory.spec.ts[2m > [22m[2mManageInventory.vue[2m > 
[22m[2mTC-038: changes persist across remounts
[22m[39m[Vue warn]: Invalid vnode type when creating vnode: undefined. 
  at <ManageInventory ref="VTU_COMPONENT" > 
  at <VTUROOT>

[90mstderr[2m | src/views/__tests__/ManageInventory.spec.ts[2m > [22m[2mManageInventory.vue[2m > 
[22m[2mTC-039: saves inventory to localStorage
[22m[39m[Vue warn]: Invalid vnode type when creating vnode: undefined. 
  at <ManageInventory ref="VTU_COMPONENT" > 
  at <VTUROOT>

[90mstderr[2m | src/views/__tests__/ManageInventory.spec.ts[2m > [22m[2mManageInventory.vue[2m > 
[22m[2mTC-040: loads inventory from localStorage
[22m[39m[Vue warn]: Invalid vnode type when creating vnode: undefined. 
  at <ManageInventory ref="VTU_COMPONENT" > 
  at <VTUROOT>

[90mstderr[2m | src/views/__tests__/ManageInventory.spec.ts[2m > [22m[2mManageInventory.vue[2m > 
[22m[2mTC-041: handles past expiry dates
[22m[39m[Vue warn]: Invalid vnode type when creating vnode: undefined. 
  at <ManageInventory ref="VTU_COMPONENT" > 
  at <VTUROOT>

[90mstderr[2m | src/views/__tests__/ManageInventory.spec.ts[2m > [22m[2mManageInventory.vue[2m > 
[22m[2mTC-042: allows duplicate item names
[22m[39m[Vue warn]: Invalid vnode type when creating vnode: undefined. 
  at <ManageInventory ref="VTU_COMPONENT" > 
  at <VTUROOT>

[90mstderr[2m | src/views/__tests__/ManageInventory.spec.ts[2m > [22m[2mManageInventory.vue[2m > 
[22m[2mTC-043: shows toast notifications
[22m[39m[Vue warn]: Invalid vnode type when creating vnode: undefined. 
  at <ManageInventory ref="VTU_COMPONENT" > 
  at <VTUROOT>

[90mstderr[2m | src/views/__tests__/ManageInventory.spec.ts[2m > [22m[2mManageInventory.vue[2m > 
[22m[2mTC-044: records usage analytics
[22m[39m[Vue warn]: Invalid vnode type when creating vnode: undefined. 
  at <ManageInventory ref="VTU_COMPONENT" > 
  at <VTUROOT>

[90mstderr[2m | src/views/__tests__/ManageInventory.spec.ts[2m > [22m[2mManageInventory.vue[2m > 
[22m[2mTC-045: switches to compact layout
[22m[39m[Vue warn]: Invalid vnode type when creating vnode: undefined. 
  at <ManageInventory ref="VTU_COMPONENT" > 
  at <VTUROOT>

[90mstderr[2m | src/views/__tests__/ManageInventory.spec.ts[2m > [22m[2mManageInventory.vue[2m > 
[22m[2mTC-046: calculates days until expiry
[22m[39m[Vue warn]: Invalid vnode type when creating vnode: undefined. 
  at <ManageInventory ref="VTU_COMPONENT" > 
  at <VTUROOT>

[90mstderr[2m | src/views/__tests__/ManageInventory.spec.ts[2m > [22m[2mManageInventory.vue[2m > 
[22m[2mTC-047: updates quantity visual indicators
[22m[39m[Vue warn]: Invalid vnode type when creating vnode: undefined. 
  at <ManageInventory ref="VTU_COMPONENT" > 
  at <VTUROOT>

[90mstderr[2m | src/views/__tests__/ManageInventory.spec.ts[2m > [22m[2mManageInventory.vue[2m > 
[22m[2mTC-048: clears search shows all items
[22m[39m[Vue warn]: Invalid vnode type when creating vnode: undefined. 
  at <ManageInventory ref="VTU_COMPONENT" > 
  at <VTUROOT>

[90mstderr[2m | src/views/__tests__/ManageInventory.spec.ts[2m > [22m[2mManageInventory.vue[2m > 
[22m[2mTC-049: handles special characters in search
[22m[39m[Vue warn]: Invalid vnode type when creating vnode: undefined. 
  at <ManageInventory ref="VTU_COMPONENT" > 
  at <VTUROOT>

 [31mΓ¥»[39m src/views/__tests__/ManageInventory.spec.ts [2m([22m[2m47 tests[22m[2m | [22m[31m47 failed[39m[2m)[22m[32m 154[2mms[22m[39m
[31m     [31m├ù[31m TC-001: mounts properly and shows title[39m[32m 25[2mms[22m[39m
[31m     [31m├ù[31m TC-002: renders BaseSidebar and BaseTopbar[39m[32m 3[2mms[22m[39m
[31m     [31m├ù[31m TC-003: default layout is cards[39m[32m 3[2mms[22m[39m
[31m     [31m├ù[31m TC-004: shows floating add button[39m[32m 4[2mms[22m[39m
[31m     [31m├ù[31m TC-005: renders near expiry items[39m[32m 4[2mms[22m[39m
[31m     [31m├ù[31m TC-006: displays mock inventory items[39m[32m 3[2mms[22m[39m
[31m     [31m├ù[31m TC-007: shows correct category counts[39m[32m 3[2mms[22m[39m
[31m     [31m├ù[31m TC-008: toggles category expansion[39m[32m 3[2mms[22m[39m
[31m     [31m├ù[31m TC-009: shows quantity levels correctly[39m[32m 3[2mms[22m[39m
[31m     [31m├ù[31m TC-011: groups items by storage location[39m[32m 3[2mms[22m[39m
[31m     [31m├ù[31m TC-012: category expansion persists state[39m[32m 3[2mms[22m[39m
[31m     [31m├ù[31m TC-013: displays accurate item counts per category[39m[32m 3[2mms[22m[39m
[31m     [31m├ù[31m TC-014: shows quantity progress bars with correct widths[39m[32m 3[2mms[22m[39m
[31m     [31m├ù[31m TC-016: multi-field search works[39m[32m 2[2mms[22m[39m
[31m     [31m├ù[31m TC-017: filter by storage location[39m[32m 2[2mms[22m[39m
[31m     [31m├ù[31m TC-018: near expiry filter shows urgent items[39m[32m 2[2mms[22m[39m
[31m     [31m├ù[31m TC-019: sort by expiry works[39m[32m 2[2mms[22m[39m
[31m     [31m├ù[31m TC-020: sort by category works[39m[32m 3[2mms[22m[39m
[31m     [31m├ù[31m TC-021: search hides non-matching items[39m[32m 2[2mms[22m[39m
[31m     [31m├ù[31m TC-022: toggles donation checkbox[39m[32m 2[2mms[22m[39m
[31m     [31m├ù[31m TC-023: select all visible items[39m[32m 2[2mms[22m[39m
[31m     [31m├ù[31m TC-024: clear all selections[39m[32m 2[2mms[22m[39m
[31m     [31m├ù[31m TC-025: bulk donate removes selected items[39m[32m 2[2mms[22m[39m
[31m     [31m├ù[31m TC-026: opens add modal on + click[39m[32m 2[2mms[22m[39m
[31m     [31m├ù[31m TC-027: closes add modal on cancel[39m[32m 2[2mms[22m[39m
[31m     [31m├ù[31m TC-028: validates required fields[39m[32m 2[2mms[22m[39m
[31m     [31m├ù[31m TC-029: enforces character limits[39m[32m 2[2mms[22m[39m
[31m     [31m├ù[31m TC-030: calculates expiry days correctly[39m[32m 3[2mms[22m[39m
[31m     [31m├ù[31m TC-031: storage selection works[39m[32m 3[2mms[22m[39m
[31m     [31m├ù[31m TC-032: opens use modal[39m[32m 2[2mms[22m[39m
[31m     [31m├ù[31m TC-033: updates quantity level[39m[32m 2[2mms[22m[39m
[31m     [31m├ù[31m TC-034: finish item removes it[39m[32m 2[2mms[22m[39m
[31m     [31m├ù[31m TC-035: cancel use modal[39m[32m 3[2mms[22m[39m
[31m     [31m├ù[31m TC-036: delete item removes from inventory[39m[32m 3[2mms[22m[39m
[31m     [31m├ù[31m TC-037: single donate removes item[39m[32m 3[2mms[22m[39m
[31m     [31m├ù[31m TC-038: changes persist across remounts[39m[32m 3[2mms[22m[39m
[31m     [31m├ù[31m TC-039: saves inventory to localStorage[39m[32m 3[2mms[22m[39m
[31m     [31m├ù[31m TC-040: loads inventory from localStorage[39m[32m 3[2mms[22m[39m
[31m     [31m├ù[31m TC-041: handles past expiry dates[39m[32m 3[2mms[22m[39m
[31m     [31m├ù[31m TC-042: allows duplicate item names[39m[32m 3[2mms[22m[39m
[31m     [31m├ù[31m TC-043: shows toast notifications[39m[32m 3[2mms[22m[39m
[31m     [31m├ù[31m TC-044: records usage analytics[39m[32m 3[2mms[22m[39m
[31m     [31m├ù[31m TC-045: switches to compact layout[39m[32m 3[2mms[22m[39m
[31m     [31m├ù[31m TC-046: calculates days until expiry[39m[32m 3[2mms[22m[39m
[31m     [31m├ù[31m TC-047: updates quantity visual indicators[39m[32m 3[2mms[22m[39m
[31m     [31m├ù[31m TC-048: clears search shows all items[39m[32m 3[2mms[22m[39m
[31m     [31m├ù[31m TC-049: handles special characters in search[39m[32m 3[2mms[22m[39m

[31mΓÄ»ΓÄ»ΓÄ»ΓÄ»ΓÄ»ΓÄ»[39m[1m[41m Failed Tests 49 [49m[22m[31mΓÄ»ΓÄ»ΓÄ»ΓÄ»ΓÄ»ΓÄ»ΓÄ»[39m

[41m[1m FAIL [22m[49m src/components/__tests__/RegisterView.test.ts[2m > [22mRegisterView[2m > [22mshows error 
if password mismatch
[31m[1mError[22m: Cannot call setValue on an empty DOMWrapper.[39m
[90m [2mΓ¥»[22m Object.get node_modules/@vue/test-utils/dist/vue-test-utils.cjs.js:[2m1574:27[22m[39m
[36m [2mΓ¥»[22m src/components/__tests__/RegisterView.test.ts:[2m33:56[22m[39m
    [90m 31|[39m
    [90m 32|[39m     [35mawait[39m wrapper[33m.[39m[34mfind[39m([32m'input[type="email"]'[39m)[33m.[39m[34
msetValue[39m([32m'test@mail.com'[39m)
    [90m 33|[39m     await wrapper.find('input[placeholder="Full Name"]').setValue('TesΓÇª
    [90m   |[39m                                                        [31m^[39m
    [90m 34|[39m     await wrapper.findAll('input[type="password"]')[0].setValue('12345ΓÇª
    [90m 35|[39m     await wrapper.findAll('input[type="password"]')[1].setValue('65432ΓÇª

[31m[2mΓÄ»ΓÄ»ΓÄ»ΓÄ»ΓÄ»ΓÄ»ΓÄ»ΓÄ»ΓÄ»ΓÄ»ΓÄ»ΓÄ»ΓÄ»ΓÄ»ΓÄ»ΓÄ»ΓÄ»ΓÄ»ΓÄ»ΓÄ»ΓÄ»ΓÄ»ΓÄ»[1/49]ΓÄ»[22m[39m

[41m[1m FAIL [22m[49m src/components/__tests__/RegisterView.test.ts[2m > [22mRegisterView[2m > [22mcalls 
registerUser on valid input
[31m[1mError[22m: Cannot call setValue on an empty DOMWrapper.[39m
[90m [2mΓ¥»[22m Object.get node_modules/@vue/test-utils/dist/vue-test-utils.cjs.js:[2m1574:27[22m[39m
[36m [2mΓ¥»[22m src/components/__tests__/RegisterView.test.ts:[2m48:56[22m[39m
    [90m 46|[39m
    [90m 47|[39m     [35mawait[39m wrapper[33m.[39m[34mfind[39m([32m'input[type="email"]'[39m)[33m.[39m[34
msetValue[39m([32m'test@mail.com'[39m)
    [90m 48|[39m     await wrapper.find('input[placeholder="Full Name"]').setValue('TesΓÇª
    [90m   |[39m                                                        [31m^[39m
    [90m 49|[39m     await wrapper.findAll('input[type="password"]')[0].setValue('12345ΓÇª
    [90m 50|[39m     await wrapper.findAll('input[type="password"]')[1].setValue('12345ΓÇª

[31m[2mΓÄ»ΓÄ»ΓÄ»ΓÄ»ΓÄ»ΓÄ»ΓÄ»ΓÄ»ΓÄ»ΓÄ»ΓÄ»ΓÄ»ΓÄ»ΓÄ»ΓÄ»ΓÄ»ΓÄ»ΓÄ»ΓÄ»ΓÄ»ΓÄ»ΓÄ»ΓÄ»[2/49]ΓÄ»[22m[39m

[41m[1m FAIL [22m[49m src/views/__tests__/ManageInventory.spec.ts[2m > [22mManageInventory.vue[2m > 
[22mTC-001: mounts properly and shows title
[41m[1m FAIL [22m[49m src/views/__tests__/ManageInventory.spec.ts[2m > [22mManageInventory.vue[2m > 
[22mTC-002: renders BaseSidebar and BaseTopbar
[41m[1m FAIL [22m[49m src/views/__tests__/ManageInventory.spec.ts[2m > [22mManageInventory.vue[2m > 
[22mTC-003: default layout is cards
[41m[1m FAIL [22m[49m src/views/__tests__/ManageInventory.spec.ts[2m > [22mManageInventory.vue[2m > 
[22mTC-004: shows floating add button
[41m[1m FAIL [22m[49m src/views/__tests__/ManageInventory.spec.ts[2m > [22mManageInventory.vue[2m > 
[22mTC-005: renders near expiry items
[41m[1m FAIL [22m[49m src/views/__tests__/ManageInventory.spec.ts[2m > [22mManageInventory.vue[2m > 
[22mTC-006: displays mock inventory items
[41m[1m FAIL [22m[49m src/views/__tests__/ManageInventory.spec.ts[2m > [22mManageInventory.vue[2m > 
[22mTC-007: shows correct category counts
[41m[1m FAIL [22m[49m src/views/__tests__/ManageInventory.spec.ts[2m > [22mManageInventory.vue[2m > 
[22mTC-008: toggles category expansion
[41m[1m FAIL [22m[49m src/views/__tests__/ManageInventory.spec.ts[2m > [22mManageInventory.vue[2m > 
[22mTC-009: shows quantity levels correctly
[41m[1m FAIL [22m[49m src/views/__tests__/ManageInventory.spec.ts[2m > [22mManageInventory.vue[2m > 
[22mTC-011: groups items by storage location
[41m[1m FAIL [22m[49m src/views/__tests__/ManageInventory.spec.ts[2m > [22mManageInventory.vue[2m > 
[22mTC-012: category expansion persists state
[41m[1m FAIL [22m[49m src/views/__tests__/ManageInventory.spec.ts[2m > [22mManageInventory.vue[2m > 
[22mTC-013: displays accurate item counts per category
[41m[1m FAIL [22m[49m src/views/__tests__/ManageInventory.spec.ts[2m > [22mManageInventory.vue[2m > 
[22mTC-014: shows quantity progress bars with correct widths
[41m[1m FAIL [22m[49m src/views/__tests__/ManageInventory.spec.ts[2m > [22mManageInventory.vue[2m > 
[22mTC-016: multi-field search works
[41m[1m FAIL [22m[49m src/views/__tests__/ManageInventory.spec.ts[2m > [22mManageInventory.vue[2m > 
[22mTC-017: filter by storage location
[41m[1m FAIL [22m[49m src/views/__tests__/ManageInventory.spec.ts[2m > [22mManageInventory.vue[2m > 
[22mTC-018: near expiry filter shows urgent items
[41m[1m FAIL [22m[49m src/views/__tests__/ManageInventory.spec.ts[2m > [22mManageInventory.vue[2m > 
[22mTC-019: sort by expiry works
[41m[1m FAIL [22m[49m src/views/__tests__/ManageInventory.spec.ts[2m > [22mManageInventory.vue[2m > 
[22mTC-020: sort by category works
[41m[1m FAIL [22m[49m src/views/__tests__/ManageInventory.spec.ts[2m > [22mManageInventory.vue[2m > 
[22mTC-021: search hides non-matching items
[41m[1m FAIL [22m[49m src/views/__tests__/ManageInventory.spec.ts[2m > [22mManageInventory.vue[2m > 
[22mTC-022: toggles donation checkbox
[41m[1m FAIL [22m[49m src/views/__tests__/ManageInventory.spec.ts[2m > [22mManageInventory.vue[2m > 
[22mTC-023: select all visible items
[41m[1m FAIL [22m[49m src/views/__tests__/ManageInventory.spec.ts[2m > [22mManageInventory.vue[2m > 
[22mTC-024: clear all selections
[41m[1m FAIL [22m[49m src/views/__tests__/ManageInventory.spec.ts[2m > [22mManageInventory.vue[2m > 
[22mTC-025: bulk donate removes selected items
[41m[1m FAIL [22m[49m src/views/__tests__/ManageInventory.spec.ts[2m > [22mManageInventory.vue[2m > 
[22mTC-026: opens add modal on + click
[41m[1m FAIL [22m[49m src/views/__tests__/ManageInventory.spec.ts[2m > [22mManageInventory.vue[2m > 
[22mTC-027: closes add modal on cancel
[41m[1m FAIL [22m[49m src/views/__tests__/ManageInventory.spec.ts[2m > [22mManageInventory.vue[2m > 
[22mTC-028: validates required fields
[41m[1m FAIL [22m[49m src/views/__tests__/ManageInventory.spec.ts[2m > [22mManageInventory.vue[2m > 
[22mTC-029: enforces character limits
[41m[1m FAIL [22m[49m src/views/__tests__/ManageInventory.spec.ts[2m > [22mManageInventory.vue[2m > 
[22mTC-030: calculates expiry days correctly
[41m[1m FAIL [22m[49m src/views/__tests__/ManageInventory.spec.ts[2m > [22mManageInventory.vue[2m > 
[22mTC-031: storage selection works
[41m[1m FAIL [22m[49m src/views/__tests__/ManageInventory.spec.ts[2m > [22mManageInventory.vue[2m > 
[22mTC-032: opens use modal
[41m[1m FAIL [22m[49m src/views/__tests__/ManageInventory.spec.ts[2m > [22mManageInventory.vue[2m > 
[22mTC-033: updates quantity level
[41m[1m FAIL [22m[49m src/views/__tests__/ManageInventory.spec.ts[2m > [22mManageInventory.vue[2m > 
[22mTC-034: finish item removes it
[41m[1m FAIL [22m[49m src/views/__tests__/ManageInventory.spec.ts[2m > [22mManageInventory.vue[2m > 
[22mTC-035: cancel use modal
[41m[1m FAIL [22m[49m src/views/__tests__/ManageInventory.spec.ts[2m > [22mManageInventory.vue[2m > 
[22mTC-036: delete item removes from inventory
[41m[1m FAIL [22m[49m src/views/__tests__/ManageInventory.spec.ts[2m > [22mManageInventory.vue[2m > 
[22mTC-037: single donate removes item
[41m[1m FAIL [22m[49m src/views/__tests__/ManageInventory.spec.ts[2m > [22mManageInventory.vue[2m > 
[22mTC-038: changes persist across remounts
[41m[1m FAIL [22m[49m src/views/__tests__/ManageInventory.spec.ts[2m > [22mManageInventory.vue[2m > 
[22mTC-039: saves inventory to localStorage
[41m[1m FAIL [22m[49m src/views/__tests__/ManageInventory.spec.ts[2m > [22mManageInventory.vue[2m > 
[22mTC-040: loads inventory from localStorage
[41m[1m FAIL [22m[49m src/views/__tests__/ManageInventory.spec.ts[2m > [22mManageInventory.vue[2m > 
[22mTC-041: handles past expiry dates
[41m[1m FAIL [22m[49m src/views/__tests__/ManageInventory.spec.ts[2m > [22mManageInventory.vue[2m > 
[22mTC-042: allows duplicate item names
[41m[1m FAIL [22m[49m src/views/__tests__/ManageInventory.spec.ts[2m > [22mManageInventory.vue[2m > 
[22mTC-043: shows toast notifications
[41m[1m FAIL [22m[49m src/views/__tests__/ManageInventory.spec.ts[2m > [22mManageInventory.vue[2m > 
[22mTC-044: records usage analytics
[41m[1m FAIL [22m[49m src/views/__tests__/ManageInventory.spec.ts[2m > [22mManageInventory.vue[2m > 
[22mTC-045: switches to compact layout
[41m[1m FAIL [22m[49m src/views/__tests__/ManageInventory.spec.ts[2m > [22mManageInventory.vue[2m > 
[22mTC-046: calculates days until expiry
[41m[1m FAIL [22m[49m src/views/__tests__/ManageInventory.spec.ts[2m > [22mManageInventory.vue[2m > 
[22mTC-047: updates quantity visual indicators
[41m[1m FAIL [22m[49m src/views/__tests__/ManageInventory.spec.ts[2m > [22mManageInventory.vue[2m > 
[22mTC-048: clears search shows all items
[41m[1m FAIL [22m[49m src/views/__tests__/ManageInventory.spec.ts[2m > [22mManageInventory.vue[2m > 
[22mTC-049: handles special characters in search
[31m[1mError[22m: [≡ƒìì]: "getActivePinia()" was called but there was no active Pinia. Are you trying to use a 
store before calling "app.use(pinia)"?
See https://pinia.vuejs.org/core-concepts/outside-component-usage.html for help.
This will fail in production.[39m
[90m [2mΓ¥»[22m useStore 
../../SOFTWARE%20ENGINEERING/PantryPal/node_modules/pinia/dist/pinia.mjs:[2m1706:19[22m[39m
[36m [2mΓ¥»[22m setup src/views/ManageInventory.vue:[2m727:28[22m[39m
    [90m725|[39m const route = useRoute()
    [90m726|[39m const router = useRouter()
    [90m727|[39m const notificationsStore = useNotificationsStore()
    [90m   |[39m                            [31m^[39m
    [90m728|[39m
    [90m729|[39m // Navigation items
[90m [2mΓ¥»[22m callWithErrorHandling node_modules/@vue/runtime-core/dist/runtime-core.cjs.js:[2m200:19[22m[39m
[90m [2mΓ¥»[22m setupStatefulComponent node_modules/@vue/runtime-core/dist/runtime-core.cjs.js:[2m8011:25[22m[39m
[90m [2mΓ¥»[22m setupComponent node_modules/@vue/runtime-core/dist/runtime-core.cjs.js:[2m7973:36[22m[39m
[90m [2mΓ¥»[22m mountComponent node_modules/@vue/runtime-core/dist/runtime-core.cjs.js:[2m5915:7[22m[39m
[90m [2mΓ¥»[22m processComponent node_modules/@vue/runtime-core/dist/runtime-core.cjs.js:[2m5881:9[22m[39m
[90m [2mΓ¥»[22m patch node_modules/@vue/runtime-core/dist/runtime-core.cjs.js:[2m5398:11[22m[39m
[90m [2mΓ¥»[22m ReactiveEffect.componentUpdateFn [as fn] 
node_modules/@vue/runtime-core/dist/runtime-core.cjs.js:[2m6026:11[22m[39m
[90m [2mΓ¥»[22m ReactiveEffect.run node_modules/@vue/reactivity/dist/reactivity.cjs.js:[2m243:19[22m[39m

[31m[2mΓÄ»ΓÄ»ΓÄ»ΓÄ»ΓÄ»ΓÄ»ΓÄ»ΓÄ»ΓÄ»ΓÄ»ΓÄ»ΓÄ»ΓÄ»ΓÄ»ΓÄ»ΓÄ»ΓÄ»ΓÄ»ΓÄ»ΓÄ»ΓÄ»ΓÄ»ΓÄ»[3/49]ΓÄ»[22m[39m


[2m Test Files [22m [1m[31m2 failed[39m[22m[2m | [22m[1m[32m3 passed[39m[22m[90m (5)[39m
[2m      Tests [22m [1m[31m49 failed[39m[22m[2m | [22m[1m[32m73 passed[39m[22m[90m (122)[39m
[2m   Start at [22m 23:38:52
[2m   Duration [22m 3.45s[2m (transform 1.05s, setup 226ms, import 1.98s, tests 290ms, environment 8.91s)[22m

